Microchip MPLAB XC8 Compiler V1.44 ()

Linker command line:

-W-3 --edf=C:\Program Files\Microchip\xc8\v1.44\dat\en_msgs.txt -cs \
  -h+dist/default/production\agri_motor_current.X.production.sym \
  --cmf=dist/default/production\agri_motor_current.X.production.cmf -z \
  -Q16F887 -oC:\Users\Arun\AppData\Local\Temp\s1ec.2 \
  -Mdist/default/production/agri_motor_current.X.production.map -E1 \
  -ver=XC8 -ASTACK=0156h-016fh -pstack=STACK -ACODE=00h-07FFhx4 \
  -ASTRCODE=00h-01FFFh -ASTRING=00h-0FFhx32 -ACONST=00h-0FFhx32 \
  -AENTRY=00h-0FFhx32 -ACOMMON=070h-07Fh -ABANK0=020h-06Fh \
  -ABANK1=0A0h-0EFh -ABANK2=0110h-016Fh -ABANK3=0190h-01EFh \
  -ARAM=020h-06Fh,0A0h-0EFh,0110h-016Fh,0190h-01EFh \
  -AABS1=020h-07Fh,0A0h-0EFh,0110h-016Fh,0190h-01EFh -ASFR0=00h-01Fh \
  -ASFR1=080h-09Fh -ASFR2=0100h-010Fh -ASFR3=0180h-018Fh \
  -preset_vec=00h,intentry=04h,init,end_init -ppowerup=CODE -pcinit=CODE \
  -pfunctab=ENTRY -ACONFIG=02007h-02008h -pconfig=CONFIG -DCONFIG=2 \
  -AIDLOC=02000h-02003h -pidloc=IDLOC -DIDLOC=2 -AEEDATA=00h-0FFh/02100h \
  -peeprom_data=EEDATA -DEEDATA=2 -DCODE=2 -DSTRCODE=2 -DSTRING=2 -DCONST=2 \
  -DENTRY=2 -k C:\Users\Arun\AppData\Local\Temp\s1ec.obj \
  dist/default/production\agri_motor_current.X.production.obj 

Object code version is 3.11

Machine type is 16F887



                Name                               Link     Load   Length Selector   Space Scale
C:\Users\Arun\AppData\Local\Temp\s1ec.obj
                end_init                             12       12        3        8       0
                reset_vec                             0        0        3        0       0
                config                             2007     2007        2     400E       0
dist/default/production\agri_motor_current.X.production.obj
                cinit                                15       15       5F        8       0
                intentry                              4        4        E        8       0
                text18                                3        3        1        0       0
                text17                              7FF      7FF        1        8       0
                text16                              7FE      7FE        1        8       0
                text15                              913      913        F     1226       0
                text14                              922      922       11     1244       0
                text13                              A2E      A2E      18F     145C       0
                text12                              944      944       13     1288       0
                text11                              6FF      6FF       61        8       0
                text10                              903      903        8     1206       0
                text9                               7F4      7F4        A        8       0
                text8                               760      760       60        8       0
                text7                               9E0      9E0       4E     13C0       0
                text6                               3EB      3EB      314        8       0
                text5                               97A      97A       25     12F4       0
                text4                               BBD      BBD      198     177A       0
                text3                               99F      99F       41     133E       0
                text2                               D55      D55      2AB     1AAA       0
                text1                               957      957       23     12AE       0
                maintext                             74       74      377        8       0
                cstackBANK0                          20       20       32       20       1
                cstackCOMMON                         70       70        8       70       1
                cstackBANK1                          A0       A0       39       A0       1
                cstackBANK2                         144      144        A      110       1
                cstackBANK3                         1C6      1C6       29      190       1
                clrtext                             90B      90B        8     1216       0
                inittext                            933      933       11     1266       0
                dataBANK2                           110      110       34      110       1
                bssBANK2                            14E      14E        8      110       1
                bssBANK3                            190      190       36      190       1
                dataBANK1                            EB       EB        4       A0       1
                bssBANK1                             D9       D9       12       A0       1
                bssBANK0                             52       52       10       20       1
                dataCOMMON                           78       78        5       70       1
                bssCOMMON                            7D       7D        1       70       1
                stringtext                         1000     1000      1AC       20       0
                idataBANK2                          7C0      7C0       34        8       0
                idataBANK1                          8FA      8FA        4     11F4       0
                idataCOMMON                         8FE      8FE        5     11FC       0

TOTAL           Name                               Link     Load   Length     Space
        CLASS   STACK          

        CLASS   CODE           
                end_init                             12       12        3         0
                cinit                                15       15       5F         0
                intentry                              4        4        E         0
                reset_vec                             0        0        3         0
                text18                                3        3        1         0
                text17                              7FF      7FF        1         0
                text16                              7FE      7FE        1         0
                text15                              913      913        F         0
                text14                              922      922       11         0
                text13                              A2E      A2E      18F         0
                text12                              944      944       13         0
                text11                              6FF      6FF       61         0
                text10                              903      903        8         0
                text9                               7F4      7F4        A         0
                text8                               760      760       60         0
                text7                               9E0      9E0       4E         0
                text6                               3EB      3EB      314         0
                text5                               97A      97A       25         0
                text4                               BBD      BBD      198         0
                text3                               99F      99F       41         0
                text2                               D55      D55      2AB         0
                text1                               957      957       23         0
                maintext                             74       74      377         0
                clrtext                             90B      90B        8         0
                inittext                            933      933       11         0
                idataBANK2                          7C0      7C0       34         0
                idataBANK1                          8FA      8FA        4         0
                idataCOMMON                         8FE      8FE        5         0

        CLASS   STRCODE        
                stringtext                         1000     1000      1AC         0

        CLASS   STRING         

        CLASS   CONST          

        CLASS   ENTRY          

        CLASS   COMMON         
                cstackCOMMON                         70       70        8         1
                dataCOMMON                           78       78        5         1
                bssCOMMON                            7D       7D        1         1

        CLASS   BANK0          
                cstackBANK0                          20       20       32         1
                bssBANK0                             52       52       10         1

        CLASS   BANK1          
                cstackBANK1                          A0       A0       39         1
                dataBANK1                            EB       EB        4         1
                bssBANK1                             D9       D9       12         1

        CLASS   BANK2          
                cstackBANK2                         144      144        A         1
                dataBANK2                           110      110       34         1
                bssBANK2                            14E      14E        8         1

        CLASS   BANK3          
                cstackBANK3                         1C6      1C6       29         1
                bssBANK3                            190      190       36         1

        CLASS   RAM            

        CLASS   ABS1           
                abs_s1                               7E       7E        2         1

        CLASS   SFR0           

        CLASS   SFR1           

        CLASS   SFR2           

        CLASS   SFR3           

        CLASS   CONFIG         
                config                             2007     2007        2         0

        CLASS   IDLOC          

        CLASS   EEDATA         



SEGMENTS        Name                           Load    Length   Top    Selector   Space  Class     Delta

                reset_vec                      000000  000004  000004         0       0  CODE        2
                intentry                       000004  0007FC  000800         8       0  CODE        2
                cstackBANK0                    000020  000042  000062        20       1  BANK0       1
                cstackCOMMON                   000070  00000E  00007E        70       1  COMMON      1
                cstackBANK1                    0000A0  00004F  0000EF        A0       1  BANK1       1
                dataBANK2                      000110  000046  000156       110       1  BANK2       1
                bssBANK3                       000190  00005F  0001EF       190       1  BANK3       1
                idataBANK1                     0008FA  000004  0008FE      11F4       0  CODE        2
                idataCOMMON                    0008FE  000005  000903      11FC       0  CODE        2
                text10                         000903  000008  00090B      1206       0  CODE        2
                clrtext                        00090B  000008  000913      1216       0  CODE        2
                text15                         000913  00000F  000922      1226       0  CODE        2
                text14                         000922  000011  000933      1244       0  CODE        2
                inittext                       000933  000011  000944      1266       0  CODE        2
                text12                         000944  000013  000957      1288       0  CODE        2
                text1                          000957  000023  00097A      12AE       0  CODE        2
                text5                          00097A  000025  00099F      12F4       0  CODE        2
                text3                          00099F  000041  0009E0      133E       0  CODE        2
                text7                          0009E0  00004E  000A2E      13C0       0  CODE        2
                text13                         000A2E  00018F  000BBD      145C       0  CODE        2
                text4                          000BBD  000198  000D55      177A       0  CODE        2
                text2                          000D55  0002AB  001000      1AAA       0  CODE        2
                stringtext                     001000  0001AC  0011AC        20       0  STRCODE     2
                config                         002007  000002  002009      400E       0  CONFIG      2


UNUSED ADDRESS RANGES

        Name                Unused          Largest block    Delta
        BANK0            0062-006F              E           1
        BANK1            00EF-00EF              1           1
        BANK2            0156-016F             1A           1
        BANK3            01EF-01EF              1           1
        CODE             0800-08F9             FA           2
                         11AC-1FFF            654
        CONST            0800-08F9             FA           2
                         11AC-1FFF            100
        EEDATA           2100-21FF            100           2
        ENTRY            0800-08F9             FA           2
                         11AC-1FFF            100
        IDLOC            2000-2003              4           2
        RAM              0062-006F              E           1
                         00EF-00EF              1
                         0156-016F             1A
                         01EF-01EF              1
        SFR0             0000-001F             20           1
        SFR1             0080-009F             20           1
        SFR2             0100-010F             10           1
        SFR3             0180-018F             10           1
        STACK            0156-016F             1A           1
        STRCODE          0800-08F9             FA           2
                         11AC-1FFF            E54
        STRING           0800-08F9             FA           2
                         11AC-1FFF            100

                                  Symbol Table

?___lldiv                                                    cstackBANK0  002D
?___llmod                                                    cstackBANK0  0048
?___lmul                                                     cstackBANK0  003B
ADC_Conf_Channel@set_adc_cur_channel                         cstackBANK0  0032
ADC_Start_Conv@adc_value_least_byte                          cstackBANK3  01CD
ADC_Start_Conv@adc_value_most_byte                           cstackBANK3  01CF
ADC_Start_Conv@rcvd_status                                   cstackBANK3  01CC
ADC_Start_Conv@set_adc_parameters                            cstackBANK3  01D1
Encoded_To_Actual_Analog_Val_Calc@adc_value                  cstackBANK1  00A0
Encoded_To_Actual_Analog_Val_Calc@analog_val_in_digital_frac cstackBANK1  00AD
Encoded_To_Actual_Analog_Val_Calc@analog_val_in_digital_int  cstackBANK1  00AC
Encoded_To_Actual_Analog_Val_Calc@full_scale_analog_val      cstackBANK1  00A4
Encoded_To_Actual_Analog_Val_Calc@min_analog_val             cstackBANK1  00A8
Encoded_To_Actual_Analog_Val_Calc@remainder_val              cstackBANK1  00C2
Encoded_To_Actual_Analog_Val_Calc@remainder_val_1            cstackBANK1  00BA
Encoded_To_Actual_Analog_Val_Calc@remainder_val_10           cstackBANK1  00BE
Encoded_To_Actual_Analog_Val_Calc@temp_remainder_val         cstackBANK1  00B6
Encoded_To_Actual_Analog_Val_Calc@temp_val_1                 cstackBANK1  00B2
Interrupt_ISR@adc_value_least_byte                           cstackCOMMON 0074
Interrupt_ISR@adc_value_most_byte                            cstackCOMMON 0076
LCD_Disp_Num@F1879                                           dataBANK2    013A
LCD_Disp_Num@F1881                                           dataBANK2    0120
UART_Receive_Char@framing_error_msg_disp                     stringtext   1017
UART_Receive_Char@overrun_error_msg_disp                     stringtext   1012
UART_Transmit_Char@transmit_char                             cstackBANK0  002D
UART_Transmit_Num@F1843                                      dataBANK2    0130
UART_Transmit_Num@F1845                                      dataBANK2    0110
UART_Transmit_Num@disp_num                                   cstackBANK1  00D1
UART_Transmit_Num@hex_data                                   cstackBANK1  00A8
UART_Transmit_Num@hundreds_digit                             cstackBANK1  00C7
UART_Transmit_Num@num                                        cstackBANK1  00CD
UART_Transmit_Num@num_data                                   cstackBANK1  00B8
UART_Transmit_Num@tens_digit                                 cstackBANK1  00C9
UART_Transmit_Num@tens_thousand_digit                        cstackBANK1  00C2
UART_Transmit_Num@thousands_digit                            cstackBANK1  00C5
UART_Transmit_Num@uart_datanum_disp_format                   cstackBANK1  00C4
UART_Transmit_Num@uart_disp_data_int                         cstackBANK1  00A0
UART_Transmit_Num@unit_digit                                 cstackBANK1  00CB
UART_Transmit_Str@transmit_str                               cstackBANK0  002E
_ADCON0                                                      (abs)        001F
_ADCON0bits                                                  (abs)        001F
_ADCON1                                                      (abs)        009F
_ADC_Conf_Channel                                            text11       06FF
_ADC_Conv_Over_Appl_Proc                                     text18       0003
_ADC_Start_Conv                                              text4        0BBD
_ADFM                                                        (abs)        04FF
_ADIF                                                        (abs)        0066
_ADRESH                                                      (abs)        001E
_ADRESL                                                      (abs)        009E
_ANSEL                                                       (abs)        0188
_ANSELH                                                      (abs)        0189
_BRG16                                                       (abs)        0C3B
_BRGH                                                        (abs)        04C2
_CREN                                                        (abs)        00C4
_Encoded_To_Actual_Analog_Val_Calc                           text2        0D55
_External_Interrupt_Occured_Appl_Proc                        text17       07FF
_FERR                                                        (abs)        00C2
_GO                                                          (abs)        00F9
_INTCONbits                                                  (abs)        000B
_INTE                                                        (abs)        005C
_INTF                                                        (abs)        0059
_Interrupt_ISR                                               text13       0A2E
_Is_ADC_Converting                                           text10       0903
_OERR                                                        (abs)        00C1
_PIE1bits                                                    (abs)        008C
_PORTD                                                       (abs)        0008
_RB1                                                         (abs)        0031
_RB2                                                         (abs)        0032
_RB3                                                         (abs)        0033
_RCIE                                                        (abs)        0465
_RCIF                                                        (abs)        0065
_RCREG                                                       (abs)        001A
_RE0                                                         (abs)        0048
_RE1                                                         (abs)        0049
_RE2                                                         (abs)        004A
_RX9                                                         (abs)        00C6
_SPBRG                                                       (abs)        0099
_SPEN                                                        (abs)        00C7
_SREN                                                        (abs)        00C5
_SYNC                                                        (abs)        04C4
_T1CKPS0                                                     (abs)        0084
_T1CKPS1                                                     (abs)        0085
_T1CON                                                       (abs)        0010
_T1CONbits                                                   (abs)        0010
_T2CKPS0                                                     (abs)        0090
_T2CKPS1                                                     (abs)        0091
_T2CON                                                       (abs)        0012
_T2CONbits                                                   (abs)        0012
_TMR1                                                        (abs)        000E
_TMR1H                                                       (abs)        000F
_TMR1IF                                                      (abs)        0060
_TMR1L                                                       (abs)        000E
_TMR2                                                        (abs)        0011
_TMR2IF                                                      (abs)        0061
_TRISBbits                                                   (abs)        0086
_TRISD                                                       (abs)        0088
_TRISDbits                                                   (abs)        0088
_TRISEbits                                                   (abs)        0089
_TRMT                                                        (abs)        04C1
_TX9                                                         (abs)        04C6
_TXEN                                                        (abs)        04C5
_TXIE                                                        (abs)        0464
_TXREG                                                       (abs)        0019
_Timer1_Req_Time_Expiry_Appl_Proc                            text16       07FE
_Timer1_Stop                                                 text15       0913
_UART_Init                                                   text1        0957
_UART_Transmit_Char                                          text9        07F4
_UART_Transmit_Num                                           text6        03EB
_UART_Transmit_Str                                           text5        097A
__CFG_BOR4V$BOR40V                                           (abs)        0000
__CFG_BOREN$OFF                                              (abs)        0000
__CFG_CP$OFF                                                 (abs)        0000
__CFG_CPD$OFF                                                (abs)        0000
__CFG_FCMEN$ON                                               (abs)        0000
__CFG_FOSC$INTRC_NOCLKOUT                                    (abs)        0000
__CFG_IESO$ON                                                (abs)        0000
__CFG_LVP$OFF                                                (abs)        0000
__CFG_MCLRE$ON                                               (abs)        0000
__CFG_PWRTE$ON                                               (abs)        0000
__CFG_WDTE$OFF                                               (abs)        0000
__CFG_WRT$OFF                                                (abs)        0000
__Habs1                                                      abs1         0000
__Hbank0                                                     bank0        0000
__Hbank1                                                     bank1        0000
__Hbank2                                                     bank2        0000
__Hbank3                                                     bank3        0000
__HbssBANK0                                                  bssBANK0     0000
__HbssBANK1                                                  bssBANK1     0000
__HbssBANK2                                                  bssBANK2     0000
__HbssBANK3                                                  bssBANK3     0000
__HbssCOMMON                                                 bssCOMMON    0000
__Hcinit                                                     cinit        0074
__Hclrtext                                                   clrtext      0000
__Hcode                                                      code         0000
__Hcommon                                                    common       0000
__Hconfig                                                    config       2009
__HcstackBANK0                                               cstackBANK0  0000
__HcstackBANK1                                               cstackBANK1  0000
__HcstackBANK2                                               cstackBANK2  0000
__HcstackBANK3                                               cstackBANK3  0000
__HcstackCOMMON                                              cstackCOMMON 0000
__HdataBANK1                                                 dataBANK1    0000
__HdataBANK2                                                 dataBANK2    0000
__HdataCOMMON                                                dataCOMMON   0000
__Heeprom_data                                               eeprom_data  0000
__Hend_init                                                  end_init     0015
__Hfunctab                                                   functab      0000
__HidataBANK1                                                idataBANK1   0000
__HidataBANK2                                                idataBANK2   0000
__HidataCOMMON                                               idataCOMMON  0000
__Hidloc                                                     idloc        0000
__Hinit                                                      init         0012
__Hinittext                                                  inittext     0000
__Hintentry                                                  intentry     0012
__Hmaintext                                                  maintext     0000
__Hpowerup                                                   powerup      0000
__Hram                                                       ram          0000
__Hreset_vec                                                 reset_vec    0003
__Hsfr0                                                      sfr0         0000
__Hsfr1                                                      sfr1         0000
__Hsfr2                                                      sfr2         0000
__Hsfr3                                                      sfr3         0000
__Hspace_0                                                   (abs)        2009
__Hspace_1                                                   (abs)        01EF
__Hspace_2                                                   (abs)        0000
__Hspace_3                                                   (abs)        0000
__Hstack                                                     stack        0000
__Hstrings                                                   strings      0000
__Hstringtext                                                stringtext   0000
__Htext                                                      text         0000
__Labs1                                                      abs1         0000
__Lbank0                                                     bank0        0000
__Lbank1                                                     bank1        0000
__Lbank2                                                     bank2        0000
__Lbank3                                                     bank3        0000
__LbssBANK0                                                  bssBANK0     0000
__LbssBANK1                                                  bssBANK1     0000
__LbssBANK2                                                  bssBANK2     0000
__LbssBANK3                                                  bssBANK3     0000
__LbssCOMMON                                                 bssCOMMON    0000
__Lcinit                                                     cinit        0015
__Lclrtext                                                   clrtext      0000
__Lcode                                                      code         0000
__Lcommon                                                    common       0000
__Lconfig                                                    config       2007
__LcstackBANK0                                               cstackBANK0  0000
__LcstackBANK1                                               cstackBANK1  0000
__LcstackBANK2                                               cstackBANK2  0000
__LcstackBANK3                                               cstackBANK3  0000
__LcstackCOMMON                                              cstackCOMMON 0000
__LdataBANK1                                                 dataBANK1    0000
__LdataBANK2                                                 dataBANK2    0000
__LdataCOMMON                                                dataCOMMON   0000
__Leeprom_data                                               eeprom_data  0000
__Lend_init                                                  end_init     0012
__Lfunctab                                                   functab      0000
__LidataBANK1                                                idataBANK1   0000
__LidataBANK2                                                idataBANK2   0000
__LidataCOMMON                                               idataCOMMON  0000
__Lidloc                                                     idloc        0000
__Linit                                                      init         0012
__Linittext                                                  inittext     0000
__Lintentry                                                  intentry     0004
__Lmaintext                                                  maintext     0000
__Lpowerup                                                   powerup      0000
__Lram                                                       ram          0000
__Lreset_vec                                                 reset_vec    0000
__Lsfr0                                                      sfr0         0000
__Lsfr1                                                      sfr1         0000
__Lsfr2                                                      sfr2         0000
__Lsfr3                                                      sfr3         0000
__Lspace_0                                                   (abs)        0000
__Lspace_1                                                   (abs)        0000
__Lspace_2                                                   (abs)        0000
__Lspace_3                                                   (abs)        0000
__Lstack                                                     stack        0000
__Lstrings                                                   strings      0000
__Lstringtext                                                stringtext   0000
__Ltext                                                      text         0000
__S0                                                         (abs)        2009
__S1                                                         (abs)        01EF
__S2                                                         (abs)        0000
__S3                                                         (abs)        0000
___bmul                                                      text12       0944
___bmul@multiplicand                                         cstackBANK0  002D
___bmul@multiplier                                           cstackBANK0  0030
___bmul@product                                              cstackBANK0  002F
___int_sp                                                    stack        0000
___latbits                                                   (abs)        0002
___lldiv                                                     text8        0760
___lldiv@counter                                             cstackBANK0  003A
___lldiv@dividend                                            cstackBANK0  0031
___lldiv@divisor                                             cstackBANK0  002D
___lldiv@quotient                                            cstackBANK0  0036
___llmod                                                     text7        09E0
___llmod@counter                                             cstackBANK0  0051
___llmod@dividend                                            cstackBANK0  004C
___llmod@divisor                                             cstackBANK0  0048
___lmul                                                      text3        099F
___lmul@multiplicand                                         cstackBANK0  003F
___lmul@multiplier                                           cstackBANK0  003B
___lmul@product                                              cstackBANK0  0044
___sp                                                        stack        0000
__end_ofUART_Receive_Char@framing_error_msg_disp             stringtext   101C
__end_ofUART_Receive_Char@overrun_error_msg_disp             stringtext   1017
__end_of_ADC_Conf_Channel                                    text11       0760
__end_of_ADC_Conv_Over_Appl_Proc                             text18       0004
__end_of_ADC_Start_Conv                                      text4        0D55
__end_of_Encoded_To_Actual_Analog_Val_Calc                   text2        1000
__end_of_External_Interrupt_Occured_Appl_Proc                text17       0800
__end_of_Interrupt_ISR                                       text13       0BBD
__end_of_Is_ADC_Converting                                   text10       090B
__end_of_Timer1_Req_Time_Expiry_Appl_Proc                    text16       07FF
__end_of_Timer1_Stop                                         text15       0922
__end_of_UART_Init                                           text1        097A
__end_of_UART_Transmit_Char                                  text9        07FE
__end_of_UART_Transmit_Num                                   text6        06FF
__end_of_UART_Transmit_Str                                   text5        099F
__end_of___bmul                                              text12       0957
__end_of___lldiv                                             text8        07C0
__end_of___llmod                                             text7        0A2E
__end_of___lmul                                              text3        09E0
__end_of__initialization                                     cinit        0070
__end_of__stringtab                                          stringtext   1012
__end_of_main                                                maintext     03EB
__end_ofi1___bmul                                            text14       0933
__initialization                                             cinit        0015
__pbssBANK0                                                  bssBANK0     0052
__pbssBANK1                                                  bssBANK1     00D9
__pbssBANK2                                                  bssBANK2     014E
__pbssBANK3                                                  bssBANK3     0190
__pbssCOMMON                                                 bssCOMMON    007D
__pcstackBANK0                                               cstackBANK0  0020
__pcstackBANK1                                               cstackBANK1  00A0
__pcstackBANK2                                               cstackBANK2  0144
__pcstackBANK3                                               cstackBANK3  01C6
__pcstackCOMMON                                              cstackCOMMON 0070
__pdataBANK1                                                 dataBANK1    00EB
__pdataBANK2                                                 dataBANK2    0110
__pdataCOMMON                                                dataCOMMON   0078
__pidataBANK1                                                idataBANK1   08FA
__pidataBANK2                                                idataBANK2   07C0
__pidataCOMMON                                               idataCOMMON  08FE
__pintentry                                                  intentry     0004
__pmaintext                                                  maintext     0074
__pstringtext                                                stringtext   1000
__ptext1                                                     text1        0957
__ptext10                                                    text10       0903
__ptext11                                                    text11       06FF
__ptext12                                                    text12       0944
__ptext13                                                    text13       0A2E
__ptext14                                                    text14       0922
__ptext15                                                    text15       0913
__ptext16                                                    text16       07FE
__ptext17                                                    text17       07FF
__ptext18                                                    text18       0003
__ptext2                                                     text2        0D55
__ptext3                                                     text3        099F
__ptext4                                                     text4        0BBD
__ptext5                                                     text5        097A
__ptext6                                                     text6        03EB
__ptext7                                                     text7        09E0
__ptext8                                                     text8        0760
__ptext9                                                     text9        07F4
__size_of_ADC_Conf_Channel                                   (abs)        0000
__size_of_ADC_Conv_Over_Appl_Proc                            (abs)        0000
__size_of_ADC_Start_Conv                                     (abs)        0000
__size_of_Encoded_To_Actual_Analog_Val_Calc                  (abs)        0000
__size_of_External_Interrupt_Occured_Appl_Proc               (abs)        0000
__size_of_Interrupt_ISR                                      (abs)        0000
__size_of_Is_ADC_Converting                                  (abs)        0000
__size_of_Timer1_Req_Time_Expiry_Appl_Proc                   (abs)        0000
__size_of_Timer1_Stop                                        (abs)        0000
__size_of_UART_Init                                          (abs)        0000
__size_of_UART_Transmit_Char                                 (abs)        0000
__size_of_UART_Transmit_Num                                  (abs)        0000
__size_of_UART_Transmit_Str                                  (abs)        0000
__size_of___bmul                                             (abs)        0000
__size_of___lldiv                                            (abs)        0000
__size_of___llmod                                            (abs)        0000
__size_of___lmul                                             (abs)        0000
__size_of_main                                               (abs)        0000
__size_ofi1___bmul                                           (abs)        0000
__stringbase                                                 stringtext   1012
__stringtab                                                  stringtext   1000
_adc_cur_channel                                             bssBANK0     0061
_adc_cur_parameters                                          bssBANK3     01BC
_cur_disp_lcd_loc                                            dataCOMMON   007A
_cur_input_lcd_loc                                           dataBANK1    00ED
_lcd_avail_loc_within_limit                                  dataCOMMON   007C
_lcd_read_command                                            bssBANK1     00E9
_lcd_unit                                                    bssBANK0     0052
_main                                                        maintext     0074
_measure_pulse_lower_count                                   bssBANK1     00D9
_measure_pulse_upper_count                                   bssBANK3     01A0
_timer1_1_update                                             bssBANK3     01B0
_timer1_cur_run_state                                        bssBANK0     0060
_timer1_cur_service_type                                     bssBANK0     005E
_timer1_elapsed_num_overflow_1_update                        bssBANK1     00DD
_timer1_elapsed_num_update                                   bssBANK1     00E7
_timer1_init_val                                             bssBANK0     0058
_timer1_last_run_state_before_stop                           bssBANK0     005F
_timer1_prescale                                             dataCOMMON   0078
_timer1_prescale_shift                                       bssBANK1     00E5
_timer1_req_time_delay_in_milli_sec                          bssBANK3     01A4
_timer1_req_time_max_update                                  bssBANK3     01AC
_timer2_1_update                                             bssBANK3     0194
_timer2_cur_run_state                                        bssBANK0     005D
_timer2_cur_service_type                                     bssCOMMON    007D
_timer2_elapsed_num_overflow_1_update                        bssBANK3     0198
_timer2_init_val                                             bssBANK3     019C
_timer2_last_run_state_before_stop                           bssBANK0     005C
_timer2_prescale                                             dataBANK1    00EB
_timer2_prescale_shift                                       bssBANK1     00E3
_timer2_req_time_delay_in_milli_sec                          bssBANK3     0190
_timer2_req_time_max_update                                  bssBANK2     014E
_to_disp                                                     bssBANK3     01B8
btemp                                                        (abs)        007E
clear_ram0                                                   clrtext      090B
end_of_initialization                                        cinit        0070
i1___bmul                                                    text14       0922
i1___bmul@multiplicand                                       cstackCOMMON 0070
i1___bmul@multiplier                                         cstackCOMMON 0072
i1___bmul@product                                            cstackCOMMON 0073
init_fetch0                                                  inittext     0933
init_ram0                                                    inittext     0937
interrupt_function                                           intentry     0004
intlevel0                                                    functab      0000
intlevel1                                                    functab      0000
intlevel2                                                    functab      0000
intlevel3                                                    functab      0000
intlevel4                                                    functab      0000
intlevel5                                                    functab      0000
main@calc_r_source_rms_current_in_milli_amp                  cstackBANK3  01DB
main@cur_disp_block                                          cstackBANK2  014C
main@fault_occured_flag                                      cstackBANK3  01D2
main@i                                                       cstackBANK3  01DF
main@r_at_ch_instant_current_encoded_val                     cstackBANK3  01D7
main@r_at_ch_peak_current_encoded_value                      cstackBANK3  01E3
main@r_at_ch_peak_current_frac                               cstackBANK3  01EB
main@r_at_ch_peak_current_int                                cstackBANK3  01E7
main@temp                                                    cstackBANK3  01D3
main@temp_frac                                               cstackBANK2  0148
main@temp_int                                                cstackBANK2  0144
reset_vec                                                    reset_vec    0000
saved_w                                                      (abs)        007E
stackhi                                                      (abs)        0000
stacklo                                                      (abs)        0000
start                                                        init         0012
start_initialization                                         cinit        0015
wtemp0                                                       (abs)        007E


FUNCTION INFORMATION:

 *************** function _main *****************
 Defined at:
		line 68 in file "main.c"
 Parameters:    Size  Location     Type
		None
 Auto vars:     Size  Location     Type
  temp_frac       4    4[BANK2 ] unsigned long 
  temp_int        4    0[BANK2 ] unsigned long 
  r_at_ch_peak    4   37[BANK3 ] unsigned long 
  r_at_ch_peak    4   33[BANK3 ] unsigned long 
  r_at_ch_peak    4   29[BANK3 ] unsigned long 
  i               4   25[BANK3 ] unsigned long 
  calc_r_sourc    4   21[BANK3 ] unsigned long 
  r_at_ch_inst    4   17[BANK3 ] unsigned long 
  temp            4   13[BANK3 ] unsigned long 
  cur_disp_blo    2    8[BANK2 ] unsigned int 
  fault_occure    1   12[BANK3 ] unsigned char 
 Return value:  Size  Location     Type
                  1    wreg      void 
 Registers used:
		wreg, fsr0l, fsr0h, status,2, status,0, btemp+1, pclath, cstack
 Tracked objects:
		On entry : 
		On exit  : 
		Unchanged: 
 Data sizes:     COMMON   BANK0   BANK1   BANK3   BANK2
      Params:         0       0       0       0       0
      Locals:         0       0       0      29      10
      Temps:          0       0       4       0       0
      Totals:         0       0       4      29      10
Total ram usage:       43 bytes
 Hardware stack levels required when called:    5
 This function calls:
		_ADC_Conf_Channel
		_ADC_Start_Conv
		_Encoded_To_Actual_Analog_Val_Calc
		_UART_Init
		_UART_Transmit_Str
		___bmul
		___lldiv
		___lmul
 This function is called by:
		Startup code after reset
 This function uses a non-reentrant model


 *************** function _UART_Init *****************
 Defined at:
		line 33 in file "uart.c"
 Parameters:    Size  Location     Type
		None
 Auto vars:     Size  Location     Type
		None
 Return value:  Size  Location     Type
                  1    wreg      void 
 Registers used:
		wreg
 Tracked objects:
		On entry : 
		On exit  : 
		Unchanged: 
 Data sizes:     COMMON   BANK0   BANK1   BANK3   BANK2
      Params:         0       0       0       0       0
      Locals:         0       0       0       0       0
      Temps:          0       0       0       0       0
      Totals:         0       0       0       0       0
Total ram usage:        0 bytes
 Hardware stack levels used:    1
 Hardware stack levels required when called:    2
 This function calls:
		Nothing
 This function is called by:
		_main
 This function uses a non-reentrant model


 *************** function _Encoded_To_Actual_Analog_Val_Calc *****************
 Defined at:
		line 251 in file "adc.c"
 Parameters:    Size  Location     Type
  adc_value       4    0[BANK1 ] unsigned long 
  full_scale_a    4    4[BANK1 ] unsigned long 
  min_analog_v    4    8[BANK1 ] unsigned long 
  analog_val_i    1   12[BANK1 ] const PTR unsigned long 
		 -> main@r_at_ch_peak_current_int(4), 
  analog_val_i    1   13[BANK1 ] const PTR unsigned long 
		 -> main@r_at_ch_peak_current_frac(4), 
 Auto vars:     Size  Location     Type
  remainder_va    4   34[BANK1 ] unsigned long 
  remainder_va    4   30[BANK1 ] unsigned long 
  remainder_va    4   26[BANK1 ] unsigned long 
  temp_remaind    4   22[BANK1 ] unsigned long 
  temp_val_1      4   18[BANK1 ] unsigned long 
  temp_val_100    4    0        unsigned long 
  temp_val_100    4    0        unsigned long 
  temp_val_10     4    0        unsigned long 
 Return value:  Size  Location     Type
                  1    wreg      void 
 Registers used:
		wreg, fsr0l, fsr0h, status,2, status,0, pclath, cstack
 Tracked objects:
		On entry : 
		On exit  : 
		Unchanged: 
 Data sizes:     COMMON   BANK0   BANK1   BANK3   BANK2
      Params:         0       0      14       0       0
      Locals:         0       0      20       0       0
      Temps:          0       0       4       0       0
      Totals:         0       0      38       0       0
Total ram usage:       38 bytes
 Hardware stack levels used:    1
 Hardware stack levels required when called:    3
 This function calls:
		___lldiv
		___llmod
		___lmul
 This function is called by:
		_main
 This function uses a non-reentrant model


 *************** function ___lmul *****************
 Defined at:
		line 15 in file "C:\Program Files\Microchip\xc8\v1.44\sources\common\Umul32.c"
 Parameters:    Size  Location     Type
  multiplier      4   27[BANK0 ] unsigned long 
  multiplicand    4   31[BANK0 ] unsigned long 
 Auto vars:     Size  Location     Type
  product         4   36[BANK0 ] unsigned long 
 Return value:  Size  Location     Type
                  4   27[BANK0 ] unsigned long 
 Registers used:
		wreg, status,2, status,0
 Tracked objects:
		On entry : 
		On exit  : 
		Unchanged: 
 Data sizes:     COMMON   BANK0   BANK1   BANK3   BANK2
      Params:         0       8       0       0       0
      Locals:         0       4       0       0       0
      Temps:          0       1       0       0       0
      Totals:         0      13       0       0       0
Total ram usage:       13 bytes
 Hardware stack levels used:    1
 Hardware stack levels required when called:    2
 This function calls:
		Nothing
 This function is called by:
		_Encoded_To_Actual_Analog_Val_Calc
		_main
		_Encoded_To_Percent_Calc
		_Actual_Analog_Val_To_Encoded_Calc
		_Timer1_Load_Init_Val_Calc
		_Timer2_Load_Init_Val_Calc
 This function uses a non-reentrant model


 *************** function _ADC_Start_Conv *****************
 Defined at:
		line 62 in file "adc.c"
 Parameters:    Size  Location     Type
  set_adc_para    1    wreg     PTR struct .
		 -> adc_cur_parameters(10), 
 Auto vars:     Size  Location     Type
  set_adc_para    1   11[BANK3 ] PTR struct .
		 -> adc_cur_parameters(10), 
  adc_value_mo    2    9[BANK3 ] unsigned int 
  adc_value_le    2    7[BANK3 ] unsigned int 
  rcvd_status     1    6[BANK3 ] unsigned char 
 Return value:  Size  Location     Type
                  1    wreg      void 
 Registers used:
		wreg, fsr0l, fsr0h, status,2, status,0, btemp+1, pclath, cstack
 Tracked objects:
		On entry : 
		On exit  : 
		Unchanged: 
 Data sizes:     COMMON   BANK0   BANK1   BANK3   BANK2
      Params:         0       0       0       0       0
      Locals:         0       0       0       6       0
      Temps:          0       0       0       6       0
      Totals:         0       0       0      12       0
Total ram usage:       12 bytes
 Hardware stack levels used:    1
 Hardware stack levels required when called:    4
 This function calls:
		_Is_ADC_Converting
		_UART_Transmit_Char
		_UART_Transmit_Num
		_UART_Transmit_Str
 This function is called by:
		_main
 This function uses a non-reentrant model


 *************** function _UART_Transmit_Str *****************
 Defined at:
		line 83 in file "uart.c"
 Parameters:    Size  Location     Type
  transmit_str    2   14[BANK0 ] PTR const unsigned char 
		 -> STR_11(54), STR_10(46), STR_9(52), STR_8(13), 
		 -> STR_7(13), STR_6(29), STR_5(33), STR_4(33), 
		 -> STR_3(47), STR_2(45), STR_1(35), 
 Auto vars:     Size  Location     Type
		None
 Return value:  Size  Location     Type
                  1    wreg      void 
 Registers used:
		wreg, fsr0l, fsr0h, status,2, status,0, btemp+1, pclath, cstack
 Tracked objects:
		On entry : 
		On exit  : 
		Unchanged: 
 Data sizes:     COMMON   BANK0   BANK1   BANK3   BANK2
      Params:         0       2       0       0       0
      Locals:         0       0       0       0       0
      Temps:          0       0       0       0       0
      Totals:         0       2       0       0       0
Total ram usage:        2 bytes
 Hardware stack levels used:    1
 Hardware stack levels required when called:    3
 This function calls:
		_UART_Transmit_Char
 This function is called by:
		_ADC_Start_Conv
		_main
		_ADC_Disable
		_UART_Receive_Char
		_Timer1_Run
 This function uses a non-reentrant model


 *************** function _UART_Transmit_Num *****************
 Defined at:
		line 370 in file "uart.c"
 Parameters:    Size  Location     Type
  uart_datanum    1    wreg     const enum E1694
  uart_disp_da    4    0[BANK1 ] const struct .
 Auto vars:     Size  Location     Type
  uart_datanum    1   36[BANK1 ] const enum E1694
  hex_data       16    8[BANK1 ] unsigned char [16]
  num_data       10   24[BANK1 ] unsigned char [10]
  disp_num        4   49[BANK1 ] unsigned long 
  num             4   45[BANK1 ] unsigned long 
  unit_digit      2   43[BANK1 ] unsigned int 
  tens_digit      2   41[BANK1 ] unsigned int 
  hundreds_dig    2   39[BANK1 ] unsigned int 
  thousands_di    2   37[BANK1 ] unsigned int 
  tens_thousan    2   34[BANK1 ] unsigned int 
 Return value:  Size  Location     Type
                  1    wreg      void 
 Registers used:
		wreg, fsr0l, fsr0h, status,2, status,0, pclath, cstack
 Tracked objects:
		On entry : 
		On exit  : 
		Unchanged: 
 Data sizes:     COMMON   BANK0   BANK1   BANK3   BANK2
      Params:         0       0       4       0       0
      Locals:         0       0      45       0       0
      Temps:          0       0       4       0       0
      Totals:         0       0      53       0       0
Total ram usage:       53 bytes
 Hardware stack levels used:    1
 Hardware stack levels required when called:    3
 This function calls:
		_UART_Transmit_Char
		___lldiv
		___llmod
 This function is called by:
		_ADC_Start_Conv
 This function uses a non-reentrant model


 *************** function ___llmod *****************
 Defined at:
		line 6 in file "C:\Program Files\Microchip\xc8\v1.44\sources\common\llmod.c"
 Parameters:    Size  Location     Type
  divisor         4   40[BANK0 ] unsigned long 
  dividend        4   44[BANK0 ] unsigned long 
 Auto vars:     Size  Location     Type
  counter         1   49[BANK0 ] unsigned char 
 Return value:  Size  Location     Type
                  4   40[BANK0 ] unsigned long 
 Registers used:
		wreg, status,2, status,0
 Tracked objects:
		On entry : 
		On exit  : 
		Unchanged: 
 Data sizes:     COMMON   BANK0   BANK1   BANK3   BANK2
      Params:         0       8       0       0       0
      Locals:         0       1       0       0       0
      Temps:          0       1       0       0       0
      Totals:         0      10       0       0       0
Total ram usage:       10 bytes
 Hardware stack levels used:    1
 Hardware stack levels required when called:    2
 This function calls:
		Nothing
 This function is called by:
		_Encoded_To_Actual_Analog_Val_Calc
		_UART_Transmit_Num
		_Encoded_To_Percent_Calc
		_LCD_Disp_Num
		_Timer1_Load_Init_Val_Calc
		_Timer2_Load_Init_Val_Calc
 This function uses a non-reentrant model


 *************** function ___lldiv *****************
 Defined at:
		line 6 in file "C:\Program Files\Microchip\xc8\v1.44\sources\common\lldiv.c"
 Parameters:    Size  Location     Type
  divisor         4   13[BANK0 ] unsigned long 
  dividend        4   17[BANK0 ] unsigned long 
 Auto vars:     Size  Location     Type
  quotient        4   22[BANK0 ] unsigned long 
  counter         1   26[BANK0 ] unsigned char 
 Return value:  Size  Location     Type
                  4   13[BANK0 ] unsigned long 
 Registers used:
		wreg, status,2, status,0
 Tracked objects:
		On entry : 
		On exit  : 
		Unchanged: 
 Data sizes:     COMMON   BANK0   BANK1   BANK3   BANK2
      Params:         0       8       0       0       0
      Locals:         0       5       0       0       0
      Temps:          0       1       0       0       0
      Totals:         0      14       0       0       0
Total ram usage:       14 bytes
 Hardware stack levels used:    1
 Hardware stack levels required when called:    2
 This function calls:
		Nothing
 This function is called by:
		_Encoded_To_Actual_Analog_Val_Calc
		_main
		_UART_Transmit_Num
		_Encoded_To_Percent_Calc
		_Actual_Analog_Val_To_Encoded_Calc
		_LCD_Disp_Num
		_Timer1_Load_Init_Val_Calc
		_Timer2_Load_Init_Val_Calc
 This function uses a non-reentrant model


 *************** function _UART_Transmit_Char *****************
 Defined at:
		line 65 in file "uart.c"
 Parameters:    Size  Location     Type
  transmit_cha    1    wreg     const unsigned char 
 Auto vars:     Size  Location     Type
  transmit_cha    1   13[BANK0 ] const unsigned char 
 Return value:  Size  Location     Type
                  1    wreg      void 
 Registers used:
		wreg
 Tracked objects:
		On entry : 
		On exit  : 
		Unchanged: 
 Data sizes:     COMMON   BANK0   BANK1   BANK3   BANK2
      Params:         0       0       0       0       0
      Locals:         0       1       0       0       0
      Temps:          0       0       0       0       0
      Totals:         0       1       0       0       0
Total ram usage:        1 bytes
 Hardware stack levels used:    1
 Hardware stack levels required when called:    2
 This function calls:
		Nothing
 This function is called by:
		_ADC_Start_Conv
		_UART_Transmit_Str
		_UART_Transmit_Num
		_LCD_Disp_Str
		_UART_Receive_Char
 This function uses a non-reentrant model


 *************** function _Is_ADC_Converting *****************
 Defined at:
		line 229 in file "adc.c"
 Parameters:    Size  Location     Type
		None
 Auto vars:     Size  Location     Type
		None
 Return value:  Size  Location     Type
                  1    wreg      unsigned char 
 Registers used:
		wreg
 Tracked objects:
		On entry : 
		On exit  : 
		Unchanged: 
 Data sizes:     COMMON   BANK0   BANK1   BANK3   BANK2
      Params:         0       0       0       0       0
      Locals:         0       0       0       0       0
      Temps:          0       0       0       0       0
      Totals:         0       0       0       0       0
Total ram usage:        0 bytes
 Hardware stack levels used:    1
 Hardware stack levels required when called:    2
 This function calls:
		Nothing
 This function is called by:
		_ADC_Start_Conv
		_ADC_Disable
 This function uses a non-reentrant model


 *************** function _ADC_Conf_Channel *****************
 Defined at:
		line 37 in file "adc.c"
 Parameters:    Size  Location     Type
  set_adc_cur_    1    wreg     const enum E1739
 Auto vars:     Size  Location     Type
  set_adc_cur_    1   18[BANK0 ] const enum E1739
 Return value:  Size  Location     Type
                  1    wreg      void 
 Registers used:
		wreg, fsr0l, fsr0h, status,2, status,0, pclath, cstack
 Tracked objects:
		On entry : 
		On exit  : 
		Unchanged: 
 Data sizes:     COMMON   BANK0   BANK1   BANK3   BANK2
      Params:         0       0       0       0       0
      Locals:         0       1       0       0       0
      Temps:          0       1       0       0       0
      Totals:         0       2       0       0       0
Total ram usage:        2 bytes
 Hardware stack levels used:    1
 Hardware stack levels required when called:    3
 This function calls:
		___bmul
 This function is called by:
		_main
 This function uses a non-reentrant model


 *************** function ___bmul *****************
 Defined at:
		line 4 in file "C:\Program Files\Microchip\xc8\v1.44\sources\common\Umul8.c"
 Parameters:    Size  Location     Type
  multiplier      1    wreg     unsigned char 
  multiplicand    1   13[BANK0 ] unsigned char 
 Auto vars:     Size  Location     Type
  multiplier      1   16[BANK0 ] unsigned char 
  product         1   15[BANK0 ] unsigned char 
 Return value:  Size  Location     Type
                  1    wreg      unsigned char 
 Registers used:
		wreg, status,2, status,0
 Tracked objects:
		On entry : 
		On exit  : 
		Unchanged: 
 Data sizes:     COMMON   BANK0   BANK1   BANK3   BANK2
      Params:         0       1       0       0       0
      Locals:         0       2       0       0       0
      Temps:          0       1       0       0       0
      Totals:         0       4       0       0       0
Total ram usage:        4 bytes
 Hardware stack levels used:    1
 Hardware stack levels required when called:    2
 This function calls:
		Nothing
 This function is called by:
		_ADC_Conf_Channel
		_main
		_Interrupt_ISR
		_ADC_Disable
 This function uses a non-reentrant model


 *************** function _Interrupt_ISR *****************
 Defined at:
		line 37 in file "isr.c"
 Parameters:    Size  Location     Type
		None
 Auto vars:     Size  Location     Type
  adc_value_mo    2    6[COMMON] unsigned int 
  adc_value_le    2    4[COMMON] unsigned int 
 Return value:  Size  Location     Type
                  1    wreg      void 
 Registers used:
		wreg, fsr0l, fsr0h, status,2, status,0, pclath, cstack
 Tracked objects:
		On entry : 
		On exit  : 
		Unchanged: 
 Data sizes:     COMMON   BANK0   BANK1   BANK3   BANK2
      Params:         0       0       0       0       0
      Locals:         4       0       0       0       0
      Temps:          0      13       0       0       0
      Totals:         4      13       0       0       0
Total ram usage:       17 bytes
 Hardware stack levels used:    1
 Hardware stack levels required when called:    1
 This function calls:
		_ADC_Conv_Over_Appl_Proc
		_External_Interrupt_Occured_Appl_Proc
		_Timer1_Req_Time_Expiry_Appl_Proc
		_Timer1_Stop
		i1___bmul
 This function is called by:
		Interrupt level 1
 This function uses a non-reentrant model


 *************** function i1___bmul *****************
 Defined at:
		line 4 in file "C:\Program Files\Microchip\xc8\v1.44\sources\common\Umul8.c"
 Parameters:    Size  Location     Type
  multiplier      1    wreg     unsigned char 
  multiplicand    1    0[COMMON] unsigned char 
 Auto vars:     Size  Location     Type
  multiplier      1    2[COMMON] unsigned char 
  __bmul          1    3[COMMON] unsigned char 
 Return value:  Size  Location     Type
                  1    wreg      unsigned char 
 Registers used:
		wreg, status,2, status,0
 Tracked objects:
		On entry : 
		On exit  : 
		Unchanged: 
 Data sizes:     COMMON   BANK0   BANK1   BANK3   BANK2
      Params:         1       0       0       0       0
      Locals:         2       0       0       0       0
      Temps:          1       0       0       0       0
      Totals:         4       0       0       0       0
Total ram usage:        4 bytes
 Hardware stack levels used:    1
 This function calls:
		Nothing
 This function is called by:
		_Interrupt_ISR
 This function uses a non-reentrant model


 *************** function _Timer1_Stop *****************
 Defined at:
		line 169 in file "timer.c"
 Parameters:    Size  Location     Type
		None
 Auto vars:     Size  Location     Type
		None
 Return value:  Size  Location     Type
                  1    wreg      void 
 Registers used:
		wreg, status,2
 Tracked objects:
		On entry : 
		On exit  : 
		Unchanged: 
 Data sizes:     COMMON   BANK0   BANK1   BANK3   BANK2
      Params:         0       0       0       0       0
      Locals:         0       0       0       0       0
      Temps:          1       0       0       0       0
      Totals:         1       0       0       0       0
Total ram usage:        1 bytes
 Hardware stack levels used:    1
 This function calls:
		Nothing
 This function is called by:
		_Interrupt_ISR
		_Timer1_Run
 This function uses a non-reentrant model


 *************** function _Timer1_Req_Time_Expiry_Appl_Proc *****************
 Defined at:
		line 56 in file "intp_event_handle.c"
 Parameters:    Size  Location     Type
		None
 Auto vars:     Size  Location     Type
		None
 Return value:  Size  Location     Type
                  1    wreg      void 
 Registers used:
		None
 Tracked objects:
		On entry : 
		On exit  : 
		Unchanged: 
 Data sizes:     COMMON   BANK0   BANK1   BANK3   BANK2
      Params:         0       0       0       0       0
      Locals:         0       0       0       0       0
      Temps:          0       0       0       0       0
      Totals:         0       0       0       0       0
Total ram usage:        0 bytes
 Hardware stack levels used:    1
 This function calls:
		Nothing
 This function is called by:
		_Interrupt_ISR
 This function uses a non-reentrant model


 *************** function _External_Interrupt_Occured_Appl_Proc *****************
 Defined at:
		line 38 in file "intp_event_handle.c"
 Parameters:    Size  Location     Type
		None
 Auto vars:     Size  Location     Type
		None
 Return value:  Size  Location     Type
                  1    wreg      void 
 Registers used:
		None
 Tracked objects:
		On entry : 
		On exit  : 
		Unchanged: 
 Data sizes:     COMMON   BANK0   BANK1   BANK3   BANK2
      Params:         0       0       0       0       0
      Locals:         0       0       0       0       0
      Temps:          0       0       0       0       0
      Totals:         0       0       0       0       0
Total ram usage:        0 bytes
 Hardware stack levels used:    1
 This function calls:
		Nothing
 This function is called by:
		_Interrupt_ISR
 This function uses a non-reentrant model


 *************** function _ADC_Conv_Over_Appl_Proc *****************
 Defined at:
		line 74 in file "intp_event_handle.c"
 Parameters:    Size  Location     Type
  adc_cur_chan    1    wreg     enum E1834
 Auto vars:     Size  Location     Type
  adc_cur_chan    1    0[COMMON] enum E1834
 Return value:  Size  Location     Type
                  1    wreg      void 
 Registers used:
		wreg
 Tracked objects:
		On entry : 
		On exit  : 
		Unchanged: 
 Data sizes:     COMMON   BANK0   BANK1   BANK3   BANK2
      Params:         0       0       0       0       0
      Locals:         0       0       0       0       0
      Temps:          0       0       0       0       0
      Totals:         0       0       0       0       0
Total ram usage:        0 bytes
 Hardware stack levels used:    1
 This function calls:
		Nothing
 This function is called by:
		_Interrupt_ISR
 This function uses a non-reentrant model



MODULE INFORMATION

Module		Function		Class		Link	Load	Size
uart.c
		_UART_Transmit_Num		CODE           	03EB	0000	789
		_UART_Transmit_Str		CODE           	097A	0000	38
		_UART_Init     		CODE           	0957	0000	36
		_UART_Transmit_Char		CODE           	07F4	0000	11

uart.c estimated size: 874

C:\Program Files\Microchip\xc8\v1.44\sources\common\lldiv.c
		___lldiv       		CODE           	0760	0000	97

C:\Program Files\Microchip\xc8\v1.44\sources\common\lldiv.c estimated size: 97

C:\Program Files\Microchip\xc8\v1.44\sources\common\Umul8.c
		___bmul        		CODE           	0944	0000	20

C:\Program Files\Microchip\xc8\v1.44\sources\common\Umul8.c estimated size: 20

timer.c
		_Timer1_Stop   		CODE           	0913	0000	16

timer.c estimated size: 16

C:\Program Files\Microchip\xc8\v1.44\sources\common\Umul32.c
		___lmul        		CODE           	099F	0000	66

C:\Program Files\Microchip\xc8\v1.44\sources\common\Umul32.c estimated size: 66

adc.c
		_Is_ADC_Converting		CODE           	0903	0000	9
		_ADC_Start_Conv		CODE           	0BBD	0000	409
		_Encoded_To_Actual_Analog_Val_Calc		CODE           	0D55	0000	684
		_ADC_Conf_Channel		CODE           	06FF	0000	98

adc.c estimated size: 1200

intp_event_handle.c
		_ADC_Conv_Over_Appl_Proc		CODE           	0003	0000	2
		_External_Interrupt_Occured_Appl_Proc		CODE           	07FF	0000	2
		_Timer1_Req_Time_Expiry_Appl_Proc		CODE           	07FE	0000	2

intp_event_handle.c estimated size: 6

isr.c
		_Interrupt_ISR 		CODE           	0A2E	0000	400

isr.c estimated size: 400

shared
		__stringtab    		STRCODE        	1000	0000	19
		UART_Receive_Char@overrun_error_msg_disp		STRCODE        	1012	0000	6
		__initialization		CODE           	0015	0000	92
		i1___bmul      		CODE           	0922	0000	18
		UART_Receive_Char@framing_error_msg_disp		STRCODE        	1017	0000	6

shared estimated size: 141

C:\Program Files\Microchip\xc8\v1.44\sources\common\llmod.c
		___llmod       		CODE           	09E0	0000	79

C:\Program Files\Microchip\xc8\v1.44\sources\common\llmod.c estimated size: 79

main.c
		_main          		CODE           	0074	0000	888

main.c estimated size: 888

